SW2#conf t
Enter configuration commands, one per line.  End with CNTL/Z.
SW2(config)#vlan 10
SW2(config-vlan)#name VLAN10
SW2(config-vlan)#vlan 20
SW2(config-vlan)#name VLAN20
SW2(config-vlan)#vlan 30
SW2(config-vlan)#name VLAN30
SW2(config-vlan)#exit
SW2(config)#int range f0/3-12
SW2(config-if-range)#switchport mode access
SW2(config-if-range)#switchport access vlan 10
SW2(config-if-range)#exit
SW2(config)#int range f0/13-24
SW2(config-if-range)#switchport mode access
SW2(config-if-range)#switchport access vlan 30
SW2(config-if-range)#exit
SW2(config)#int range f0/1-2
SW2(config-if-range)#switchport mode trunk

SW2(config-if-range)#


#######################################

SW1#conf t
Enter configuration commands, one per line.  End with CNTL/Z.
SW1(config)#vlan 10
SW1(config-vlan)#name VLAN10
SW1(config-vlan)#vlan 20
SW1(config-vlan)#name VLAN20
SW1(config-vlan)#vlan 30
SW1(config-vlan)#name VLAN30
SW1(config-vlan)#exit
SW1(config)#int range f0/3-12
SW1(config-if-range)#switchport mode access
SW1(config-if-range)#switchport access vlan 30
SW1(config-if-range)#exit
SW1(config)#int range f0/13-24
SW1(config-if-range)#switchport mode access
SW1(config-if-range)#switchport access vlan 20
SW1(config-if-range)#exit
SW1(config)#%SPANTREE-2-RECV_PVID_ERR: Received 802.1Q BPDU on non trunk FastEthernet0/1 VLAN1.

%SPANTREE-2-BLOCK_PVID_LOCAL: Blocking FastEthernet0/1 on VLAN0001. Inconsistent port type.


SW1(config)#int range f0/1-
%LINEPROTO-5-UPDOWN: Line protocol on Interface FastEthernet0/1, changed state to down

%LINEPROTO-5-UPDOWN: Line protocol on Interface FastEthernet0/1, changed state to up
SW1(config-if-range)#int range f0/1
SW1(config-if-range)#switchport mode trunk
SW1(config-if-range)#exit
SW1(config)#

##########################

Router>
Router>en
Router#conf t
Enter configuration commands, one per line.  End with CNTL/Z.
Router(config)#int f0/0
Router(config-if)#no shut

Router(config-if)#
%LINK-5-CHANGED: Interface FastEthernet0/0, changed state to up

%LINEPROTO-5-UPDOWN: Line protocol on Interface FastEthernet0/0, changed state to up

Router(config-if)#int f0/0.10
Router(config-subif)#
%LINK-5-CHANGED: Interface FastEthernet0/0.10, changed state to up

%LINEPROTO-5-UPDOWN: Line protocol on Interface FastEthernet0/0.10, changed state to up

Router(config-subif)#encapsulationn dot1q 10
                                  ^
% Invalid input detected at '^' marker.
	
Router(config-subif)#encapsulation dot1q 10
Router(config-subif)#ip a 192.168.10.1 255.255.255.0
% Ambiguous command: "ip a 192.168.10.1 255.255.255.0"
Router(config-subif)#ip add 192.168.10.1 255.255.255.0
Router(config-subif)#int f0/0.20
Router(config-subif)#
%LINK-5-CHANGED: Interface FastEthernet0/0.20, changed state to up

%LINEPROTO-5-UPDOWN: Line protocol on Interface FastEthernet0/0.20, changed state to up

Router(config-subif)#encapsulation dot1q 20
Router(config-subif)#ip add 192.168.20.1 255.255.255.0
Router(config-subif)#int f0/0.30
Router(config-subif)#
%LINK-5-CHANGED: Interface FastEthernet0/0.30, changed state to up

%LINEPROTO-5-UPDOWN: Line protocol on Interface FastEthernet0/0.30, changed state to up

Router(config-subif)#encapsulation dot1q 30
Router(config-subif)#ip add 192.168.30.1 255.255.255.0
Router(config-subif)#
Router(config-subif)#exit
Router(config)#int f0/0
Router(config-if)#no shut
Router(config-if)#exit
Router(config)#exit
Router#